None
None
('b',)
0
10000
20000
30000
40000
50000
60000
70000
80000
90000
[('bigcharset', [2, 16843008L, 16843009L, 16843009L, 16843009L, 16843009L, 16843009L, 16843009L, 16843009L, 16843009L, 16843009L, 16843009L, 16843009L, 16843009L, 16843009L, 16843009L, 16843009L, 16843009L, 16843009L, 16843009L, 16843009L, 16843009L, 16843009L, 16843009L, 16843009L, 16843009L, 16843009L, 16843009L, 16843009L, 16843009L, 16843009L, 16843009L, 16843009L, 16843009L, 16843009L, 16843009L, 16843009L, 16843009L, 16843009L, 16843009L, 16843009L, 16843009L, 16843009L, 16843009L, 16843009L, 16843009L, 16843009L, 16843009L, 16843009L, 16843009L, 16843009L, 16843009L, 16843009L, 16843009L, 16843009L, 16843009L, 16843009L, 16843009L, 16843009L, 16843009L, 16843009L, 16843009L, 16843009L, 16843009L, 16843009L, 0L, 0L, 0L, 0L, 4294967295L, 4294967295L, 4294967295L, 4294967295L, 4294967295L, 4294967295L, 4294967295L, 4294967295L, 4294967295L, 4294967295L, 4294967295L, 4294967295L])]
